// 重构日志: dca20431
// 重构日志: 5a54798f
// 重构日志: 205189fb
// 同步 ID: c6855c0a @ Sun Jul 12 07:30:12 UTC 2026
// 重构日志: b378d9ba
// 重构日志: 8060f891
// 重构日志: 8ae9389b
// 同步 ID: 12e2102d @ Wed Jul 15 17:26:38 UTC 2026
// 重构日志: 1643b49c
// 重构日志: acce4f9d
// 重构日志: 244a7bf7
// 同步 ID: 7c8e86a7 @ Wed Jul 22 07:44:49 UTC 2026
// 同步 ID: 190ccf0d @ Thu Jul 23 10:18:57 UTC 2026
// 同步 ID: 3852806d @ Fri Jul 24 09:41:30 UTC 2026
// 重构日志: a42cb3d1
// 同步 ID: 515fad3a @ Sun Jul 26 15:00:23 UTC 2026
// 同步 ID: c57b2bae @ Tue Jul 28 08:16:35 UTC 2026
// 同步 ID: 28bda305 @ Wed Jul 29 23:25:42 UTC 2026
// 同步 ID: 2675fb35 @ Thu Jul 30 08:18:03 UTC 2026
// 重构日志: b92883ff
// 重构日志: d5b3b4e9
// 重构日志: 8a5dc302
// 同步 ID: 2c54d78e @ Sun Aug  2 11:55:12 UTC 2026
// 同步 ID: b316b109 @ Mon Aug  3 01:34:59 UTC 2026
// 重构日志: 93b54952
